main.c:131:5:main	40	static,ignoring_inline_asm
main.c:289:6:SystemClock_Config	88	static
main.c:340:13:MX_ADC1_Init	24	static
main.c:406:13:MX_SPI1_Init	8	static
main.c:444:13:MX_SPI2_Init	8	static
main.c:482:13:MX_TIM2_Init	32	static
main.c:527:13:MX_TIM3_Init	32	static
main.c:572:13:MX_USART2_UART_Init	8	static
main.c:603:13:MX_DMA_Init	16	static
main.c:621:13:MX_GPIO_Init	40	static
main.c:680:10:measureImpedanceMagnitude	16	static
main.c:691:10:measureImpedancePhase	56	static
main.c:702:6:sendImpedanceMessage	24	static
main.c:722:6:toggleRelay	16	static
main.c:785:6:HAL_UART_RxCpltCallback	16	static
main.c:794:6:HAL_GPIO_EXTI_Callback	16	static
main.c:801:6:UART_Rx_Handler	16	static
main.c:846:9:makeCheckSum	16	static
main.c:856:6:CalculateRxDataChecksum	16	static
main.c:871:6:AD9833_Set_Output	24	static
main.c:887:6:PGA_Set_Gain	24	static
main.c:949:6:Error_Handler	4	static
