main.c:130:5:main	40	static,ignoring_inline_asm
main.c:281:6:SystemClock_Config	88	static
main.c:332:13:MX_ADC1_Init	24	static
main.c:398:13:MX_SPI1_Init	8	static
main.c:436:13:MX_SPI2_Init	8	static
main.c:474:13:MX_TIM2_Init	48	static
main.c:537:13:MX_TIM3_Init	32	static
main.c:582:13:MX_USART2_UART_Init	8	static
main.c:613:13:MX_DMA_Init	16	static
main.c:631:13:MX_GPIO_Init	40	static
main.c:677:10:measureImpedanceMagnitude	16	static
main.c:687:10:measureImpedancePhase	56	static
main.c:698:6:sendImpedanceMessage	24	static
main.c:718:6:toggleRelay	16	static
main.c:781:6:HAL_TIM_IC_CaptureCallback	16	static
main.c:814:6:HAL_UART_RxCpltCallback	16	static
main.c:823:6:UART_Rx_Handler	16	static
main.c:867:9:makeCheckSum	16	static
main.c:877:6:CalculateRxDataChecksum	16	static
main.c:892:6:AD9833_Set_Output	24	static
main.c:908:6:PGA_Set_Gain	24	static
main.c:970:6:Error_Handler	4	static
