main.c:137:5:main	40	static,ignoring_inline_asm
main.c:292:6:SystemClock_Config	88	static
main.c:343:13:MX_ADC1_Init	24	static
main.c:409:13:MX_SPI1_Init	8	static
main.c:447:13:MX_SPI2_Init	8	static
main.c:485:13:MX_TIM2_Init	32	static
main.c:530:13:MX_TIM3_Init	32	static
main.c:575:13:MX_USART2_UART_Init	8	static
main.c:606:13:MX_DMA_Init	16	static
main.c:624:13:MX_GPIO_Init	40	static
main.c:683:7:calculateADCMean	16	static
main.c:692:10:measureImpedanceMagnitude	40	static
main.c:742:10:measureRefVoltageMagnitude	16	static
main.c:752:10:measureImpedancePhase	56	static
main.c:763:6:sendImpedanceMessage	32	static
main.c:784:6:toggleRelay	16	static
main.c:853:6:HAL_UART_RxCpltCallback	16	static
main.c:862:6:HAL_GPIO_EXTI_Callback	16	static
main.c:869:6:UART_Rx_Handler	16	static
main.c:920:9:makeCheckSum	16	static
main.c:930:6:CalculateRxDataChecksum	16	static
main.c:945:6:AD9833_Set_Output	24	static
main.c:961:6:PGA_Set_Gain	24	static
main.c:1023:6:Error_Handler	4	static
